// Jest Snapshot v1, https://goo.gl/fbAQLP

exports[`DatetimeSelect() matches snapshot with default props 1`] = `
<Component
  getQueryString={[Function]}
  modelName="datetime"
  queryData={
    Object {
      "limit": 100,
      "order": "DESC",
      "orderBy": "start_date",
      "showExpired": false,
    }
  }
  selectConfiguration={
    Object {
      "defaultValue": undefined,
      "loadingMessage": [Function],
      "noOptionsMessage": [Function],
      "onChange": undefined,
      "placeholder": "Select Datetime...",
    }
  }
  selectLabel="Select Datetime"
/>
`;

exports[`EditorDatetimeSelect() matches snapshot with default props 1`] = `
<div
  class="components-base-control"
>
  <div
    class="components-base-control__field"
  >
    <span>
      DatetimeSelect
    </span>
  </div>
</div>
`;
