// Jest Snapshot v1, https://goo.gl/fbAQLP

exports[ `TicketSelect() matches snapshot with default props 1` ] = `
<WithSelect(ModelSelect)
  getQueryString={[Function]}
  modelName="ticket"
  optionsEntityMap={
    Object {
      "default": Object {
        "label": "TKT_name",
        "value": "TKT_ID",
      },
    }
  }
  queryData={
    Object {
      "limit": 100,
      "order": "DESC",
      "orderBy": "start_date",
      "showExpired": false,
    }
  }
  selectConfiguration={
    Object {
      "defaultValue": undefined,
      "loadingMessage": [Function],
      "noOptionsMessage": [Function],
      "onChange": undefined,
      "placeholder": "Select Ticket...",
    }
  }
  selectLabel="Select Ticket"
/>
`;
