// Jest Snapshot v1, https://goo.gl/fbAQLP

exports[`EditorTicketSelect() matches snapshot with default props 1`] = `
<_class
  instanceId={0}
/>
`;

exports[`TicketSelect() matches snapshot with default props 1`] = `
<WithSelect(ModelSelect)
  getQueryString={[Function]}
  modelName="ticket"
  queryData={
    Object {
      "limit": 100,
      "order": "DESC",
      "orderBy": "start_date",
      "showExpired": false,
    }
  }
  selectConfiguration={
    Object {
      "defaultValue": undefined,
      "loadingMessage": [Function],
      "noOptionsMessage": [Function],
      "onChange": undefined,
      "placeholder": "Select Ticket...",
    }
  }
  selectLabel="Select Ticket"
/>
`;
